main.c:88:5:main	8	static
main.c:165:6:SystemClock_Config	72	static
main.c:201:13:MX_TIM2_Init	32	static
main.c:246:13:MX_GPIO_Init	32	static
main.c:283:6:HAL_TIM_PeriodElapsedCallback	16	static
main.c:287:6:display7SEG	32	static
main.c:308:6:update7SEG	16	static
main.c:335:6:updateClockBuffer	4	static
main.c:342:6:setSegTimer	16	static
main.c:346:6:setDotTimer	16	static
main.c:350:6:setClockTimer	16	static
main.c:354:6:timer_run	4	static
main.c:368:6:ledClear	8	static
main.c:379:6:Error_Handler	4	static,ignoring_inline_asm
